
    CPU: 11th Gen Intel(R) Core(TM) i5-11320H @ 3.20GHz
    Platform: win32
    Free memory: 4729851904
    Total memory: 16952647680
    Time: Wed Jan 21 2026 12:32:29 GMT+0530 (India Standard Time)
    CPU: 11th Gen Intel(R) Core(TM) i5-11320H @ 3.20GHz
    Platform: win32
    Free memory: 4734697472
    Total memory: 16952647680
    Time: Wed Jan 21 2026 12:32:34 GMT+0530 (India Standard Time)
    CPU: 11th Gen Intel(R) Core(TM) i5-11320H @ 3.20GHz
    Platform: win32
    Free memory: 4724166656
    Total memory: 16952647680
    Time: Wed Jan 21 2026 12:32:39 GMT+0530 (India Standard Time)
    CPU: 11th Gen Intel(R) Core(TM) i5-11320H @ 3.20GHz
    Platform: win32
    Free memory: 4802101248
    Total memory: 16952647680
    Time: Wed Jan 21 2026 12:32:44 GMT+0530 (India Standard Time)
    CPU: 11th Gen Intel(R) Core(TM) i5-11320H @ 3.20GHz
    Platform: win32
    Free memory: 4737486848
    Total memory: 16952647680
    Time: Wed Jan 21 2026 12:32:49 GMT+0530 (India Standard Time)
    CPU: 11th Gen Intel(R) Core(TM) i5-11320H @ 3.20GHz
    Platform: win32
    Free memory: 4747329536
    Total memory: 16952647680
    Time: Wed Jan 21 2026 12:32:54 GMT+0530 (India Standard Time)
    CPU: 11th Gen Intel(R) Core(TM) i5-11320H @ 3.20GHz
    Platform: win32
    Free memory: 4775047168
    Total memory: 16952647680
    Time: Wed Jan 21 2026 12:32:59 GMT+0530 (India Standard Time)